22:37:18 **** Build of configuration Debug for project Hello World ****
make -j8 all 
arm-none-eabi-gcc "../Core/Src/main.c" -mcpu=cortex-m4 -std=gnu11 -g3 -DDEBUG -DUSE_HAL_DRIVER -DSTM32F401xC -c -I../Core/Inc -I../Drivers/STM32F4xx_HAL_Driver/Inc -I../Drivers/STM32F4xx_HAL_Driver/Inc/Legacy -I../Drivers/CMSIS/Device/ST/STM32F4xx/Include -I../Drivers/CMSIS/Include -O0 -ffunction-sections -fdata-sections -Wall -fstack-usage -fcyclomatic-complexity -MMD -MP -MF"Core/Src/main.d" -MT"Core/Src/main.o" --specs=nano.specs -mfpu=fpv4-sp-d16 -mfloat-abi=hard -mthumb -o "Core/Src/main.o"
arm-none-eabi-gcc -o "Hello World.elf" @"objects.list"   -mcpu=cortex-m4 -T"C:\Main\Repositories\STM\Hello World\STM32F401CCUX_FLASH.ld" --specs=nosys.specs -Wl,-Map="Hello World.map" -Wl,--gc-sections -static --specs=nano.specs -mfpu=fpv4-sp-d16 -mfloat-abi=hard -mthumb -Wl,--start-group -lc -lm -Wl,--end-group
Finished building target: Hello World.elf
 
arm-none-eabi-size   Hello\ World.elf 
arm-none-eabi-objdump -h -S  Hello\ World.elf  > "Hello World.list"
   text	   data	    bss	    dec	    hex	filename
   5908	     20	   1572	   7500	   1d4c	Hello World.elf
Finished building: default.size.stdout
Finished building: Hello World.list
 
 

22:37:19 Build Finished. 0 errors, 0 warnings. (took 721ms)

